CYCLE	FSM_IN	FSM_OUT
000	0	1
001	1	1
010	0	1
011	1	1
100	1	0
101	0	0
110	1	0
111	0	0
