CYCLE	SPLIT_IN	SPLIT_OUT0	SPLIT_OUT1
00	00000001	0	10000001
01	10000010	0	00000010
10	10100001	1	00100001
11	01011010	0	11011010
