CYCLE	FSM_OUT
00000000	01
00000001	01
00000001	10
00000010	10
00000010	00
00000011	00
00000011	01
00000100	01
00000100	10
00000101	10
00000101	00
00000110	00
00000110	01
00000111	01
00000111	10
00001000	10
00001000	00
00001001	00
00001001	01
00001010	01
00001010	10
00001011	10
00001011	00
00001100	00
00001100	01
00001101	01
00001101	10
00001110	10
00001110	00
00001111	00
